Archive member included to satisfy reference by file (symbol)

c:/program files (x86)/atmel/studio/7.0/toolchain/avr8/avr8-gnu-toolchain/bin/../lib/gcc/avr/4.9.2/../../../../avr/lib/avr6\libm.a(addsf3.o)
                              bmp085.o (__subsf3)
c:/program files (x86)/atmel/studio/7.0/toolchain/avr8/avr8-gnu-toolchain/bin/../lib/gcc/avr/4.9.2/../../../../avr/lib/avr6\libm.a(addsf3x.o)
                              c:/program files (x86)/atmel/studio/7.0/toolchain/avr8/avr8-gnu-toolchain/bin/../lib/gcc/avr/4.9.2/../../../../avr/lib/avr6\libm.a(addsf3.o) (__addsf3x)
c:/program files (x86)/atmel/studio/7.0/toolchain/avr8/avr8-gnu-toolchain/bin/../lib/gcc/avr/4.9.2/../../../../avr/lib/avr6\libm.a(cmpsf2.o)
                              main.o (__ltsf2)
c:/program files (x86)/atmel/studio/7.0/toolchain/avr8/avr8-gnu-toolchain/bin/../lib/gcc/avr/4.9.2/../../../../avr/lib/avr6\libm.a(divsf3.o)
                              bmp085.o (__divsf3)
c:/program files (x86)/atmel/studio/7.0/toolchain/avr8/avr8-gnu-toolchain/bin/../lib/gcc/avr/4.9.2/../../../../avr/lib/avr6\libm.a(divsf3x.o)
                              c:/program files (x86)/atmel/studio/7.0/toolchain/avr8/avr8-gnu-toolchain/bin/../lib/gcc/avr/4.9.2/../../../../avr/lib/avr6\libm.a(divsf3.o) (__divsf3x)
c:/program files (x86)/atmel/studio/7.0/toolchain/avr8/avr8-gnu-toolchain/bin/../lib/gcc/avr/4.9.2/../../../../avr/lib/avr6\libm.a(fixsfsi.o)
                              main.o (__fixsfsi)
c:/program files (x86)/atmel/studio/7.0/toolchain/avr8/avr8-gnu-toolchain/bin/../lib/gcc/avr/4.9.2/../../../../avr/lib/avr6\libm.a(fixunssfsi.o)
                              TermostaticValve.o (__fixunssfsi)
c:/program files (x86)/atmel/studio/7.0/toolchain/avr8/avr8-gnu-toolchain/bin/../lib/gcc/avr/4.9.2/../../../../avr/lib/avr6\libm.a(floatsisf.o)
                              TermostaticValve.o (__floatunsisf)
c:/program files (x86)/atmel/studio/7.0/toolchain/avr8/avr8-gnu-toolchain/bin/../lib/gcc/avr/4.9.2/../../../../avr/lib/avr6\libm.a(fp_cmp.o)
                              c:/program files (x86)/atmel/studio/7.0/toolchain/avr8/avr8-gnu-toolchain/bin/../lib/gcc/avr/4.9.2/../../../../avr/lib/avr6\libm.a(cmpsf2.o) (__fp_cmp)
c:/program files (x86)/atmel/studio/7.0/toolchain/avr8/avr8-gnu-toolchain/bin/../lib/gcc/avr/4.9.2/../../../../avr/lib/avr6\libm.a(fp_inf.o)
                              c:/program files (x86)/atmel/studio/7.0/toolchain/avr8/avr8-gnu-toolchain/bin/../lib/gcc/avr/4.9.2/../../../../avr/lib/avr6\libm.a(addsf3x.o) (__fp_inf)
c:/program files (x86)/atmel/studio/7.0/toolchain/avr8/avr8-gnu-toolchain/bin/../lib/gcc/avr/4.9.2/../../../../avr/lib/avr6\libm.a(fp_nan.o)
                              c:/program files (x86)/atmel/studio/7.0/toolchain/avr8/avr8-gnu-toolchain/bin/../lib/gcc/avr/4.9.2/../../../../avr/lib/avr6\libm.a(addsf3x.o) (__fp_nan)
c:/program files (x86)/atmel/studio/7.0/toolchain/avr8/avr8-gnu-toolchain/bin/../lib/gcc/avr/4.9.2/../../../../avr/lib/avr6\libm.a(fp_pscA.o)
                              c:/program files (x86)/atmel/studio/7.0/toolchain/avr8/avr8-gnu-toolchain/bin/../lib/gcc/avr/4.9.2/../../../../avr/lib/avr6\libm.a(addsf3x.o) (__fp_pscA)
c:/program files (x86)/atmel/studio/7.0/toolchain/avr8/avr8-gnu-toolchain/bin/../lib/gcc/avr/4.9.2/../../../../avr/lib/avr6\libm.a(fp_pscB.o)
                              c:/program files (x86)/atmel/studio/7.0/toolchain/avr8/avr8-gnu-toolchain/bin/../lib/gcc/avr/4.9.2/../../../../avr/lib/avr6\libm.a(addsf3x.o) (__fp_pscB)
c:/program files (x86)/atmel/studio/7.0/toolchain/avr8/avr8-gnu-toolchain/bin/../lib/gcc/avr/4.9.2/../../../../avr/lib/avr6\libm.a(fp_round.o)
                              c:/program files (x86)/atmel/studio/7.0/toolchain/avr8/avr8-gnu-toolchain/bin/../lib/gcc/avr/4.9.2/../../../../avr/lib/avr6\libm.a(addsf3.o) (__fp_round)
c:/program files (x86)/atmel/studio/7.0/toolchain/avr8/avr8-gnu-toolchain/bin/../lib/gcc/avr/4.9.2/../../../../avr/lib/avr6\libm.a(fp_split3.o)
                              c:/program files (x86)/atmel/studio/7.0/toolchain/avr8/avr8-gnu-toolchain/bin/../lib/gcc/avr/4.9.2/../../../../avr/lib/avr6\libm.a(addsf3x.o) (__fp_split3)
c:/program files (x86)/atmel/studio/7.0/toolchain/avr8/avr8-gnu-toolchain/bin/../lib/gcc/avr/4.9.2/../../../../avr/lib/avr6\libm.a(fp_zero.o)
                              c:/program files (x86)/atmel/studio/7.0/toolchain/avr8/avr8-gnu-toolchain/bin/../lib/gcc/avr/4.9.2/../../../../avr/lib/avr6\libm.a(addsf3x.o) (__fp_zero)
c:/program files (x86)/atmel/studio/7.0/toolchain/avr8/avr8-gnu-toolchain/bin/../lib/gcc/avr/4.9.2/../../../../avr/lib/avr6\libm.a(gesf2.o)
                              main.o (__gtsf2)
c:/program files (x86)/atmel/studio/7.0/toolchain/avr8/avr8-gnu-toolchain/bin/../lib/gcc/avr/4.9.2/../../../../avr/lib/avr6\libm.a(pow.o)
                              bmp085.o (pow)
[...]
Memory Configuration

Name             Origin             Length             Attributes
text             0x00000000         0x00100000         xr
data             0x00800200         0x0000fe00         rw !x
eeprom           0x00810000         0x00010000         rw !x
fuse             0x00820000         0x00000003         rw !x
lock             0x00830000         0x00000400         rw !x
signature        0x00840000         0x00000400         rw !x
user_signatures  0x00850000         0x00000400         rw !x
*default*        0x00000000         0xffffffff

Linker script and memory map

Address of section .data set to 0x800200
LOAD c:/program files (x86)/atmel/studio/7.0/toolchain/avr8/avr8-gnu-toolchain/bin/../lib/gcc/avr/4.9.2/../../../../avr/lib/avr6/crtatmega256rfr2.o
LOAD ADC.o
LOAD bmp085.o
LOAD main.o
LOAD packet_parser.o
LOAD stack/hal/atmega256rfr2/src/hal.o
LOAD stack/hal/atmega256rfr2/src/halTimer.o
LOAD stack/hal/drivers/atmega256rfr2/src/halSleep.o
LOAD stack/hal/drivers/atmega256rfr2/src/halUart.o
LOAD stack/nwk/src/nwk.o
LOAD stack/nwk/src/nwkDataReq.o
LOAD stack/nwk/src/nwkFrame.o
LOAD stack/nwk/src/nwkGroup.o
LOAD stack/nwk/src/nwkRoute.o
LOAD stack/nwk/src/nwkRouteDiscovery.o
LOAD stack/nwk/src/nwkRx.o
LOAD stack/nwk/src/nwkSecurity.o
LOAD stack/nwk/src/nwkTx.o
LOAD stack/phy/atmega256rfr2/src/phy.o
LOAD stack/sys/src/sys.o
LOAD stack/sys/src/sysEncrypt.o
LOAD stack/sys/src/sysTimer.o
LOAD TermostaticValve.o
LOAD twimaster.o
START GROUP
LOAD c:/program files (x86)/atmel/studio/7.0/toolchain/avr8/avr8-gnu-toolchain/bin/../lib/gcc/avr/4.9.2/../../../../avr/lib/avr6\libm.a
END GROUP
START GROUP
LOAD c:/program files (x86)/atmel/studio/7.0/toolchain/avr8/avr8-gnu-toolchain/bin/../lib/gcc/avr/4.9.2/avr6\libgcc.a
LOAD c:/program files (x86)/atmel/studio/7.0/toolchain/avr8/avr8-gnu-toolchain/bin/../lib/gcc/avr/4.9.2/../../../../avr/lib/avr6\libm.a
LOAD c:/program files (x86)/atmel/studio/7.0/toolchain/avr8/avr8-gnu-toolchain/bin/../lib/gcc/avr/4.9.2/../../../../avr/lib/avr6\libc.a
LOAD c:/program files (x86)/atmel/studio/7.0/toolchain/avr8/avr8-gnu-toolchain/bin/../lib/gcc/avr/4.9.2/../../../../avr/lib/avr6\libatmega256rfr2.a
END GROUP
                0x00100000                __TEXT_REGION_LENGTH__ = DEFINED (__TEXT_REGION_LENGTH__)?__TEXT_REGION_LENGTH__:0x100000
                0x0000fe00                __DATA_REGION_LENGTH__ = DEFINED (__DATA_REGION_LENGTH__)?__DATA_REGION_LENGTH__:0xfe00
                0x00010000                __EEPROM_REGION_LENGTH__ = DEFINED (__EEPROM_REGION_LENGTH__)?__EEPROM_REGION_LENGTH__:0x10000
                [0x00000003]                __FUSE_REGION_LENGTH__ = DEFINED (__FUSE_REGION_LENGTH__)?__FUSE_REGION_LENGTH__:0x400
                0x00000400                __LOCK_REGION_LENGTH__ = DEFINED (__LOCK_REGION_LENGTH__)?__LOCK_REGION_LENGTH__:0x400
                0x00000400                __SIGNATURE_REGION_LENGTH__ = DEFINED (__SIGNATURE_REGION_LENGTH__)?__SIGNATURE_REGION_LENGTH__:0x400
                0x00000400                __USER_SIGNATURE_REGION_LENGTH__ = DEFINED (__USER_SIGNATURE_REGION_LENGTH__)?__USER_SIGNATURE_REGION_LENGTH__:0x400

.hash
 *(.hash)

.dynsym
 *(.dynsym)

.dynstr
 *(.dynstr)

.gnu.version
 *(.gnu.version)

.gnu.version_d
 *(.gnu.version_d)

.gnu.version_r
 *(.gnu.version_r)

.rel.init
 *(.rel.init)

.rela.init
 *(.rela.init)

.rel.text
 *(.rel.text)
 *(.rel.text.*)
 *(.rel.gnu.linkonce.t*)

.rela.text
 *(.rela.text)
 *(.rela.text.*)
 *(.rela.gnu.linkonce.t*)

.rel.fini
 *(.rel.fini)

.rela.fini
 *(.rela.fini)

.rel.rodata
 *(.rel.rodata)
 *(.rel.rodata.*)
 *(.rel.gnu.linkonce.r*)

.rela.rodata
 *(.rela.rodata)
 *(.rela.rodata.*)
 *(.rela.gnu.linkonce.r*)

.rel.data
 *(.rel.data)
 *(.rel.data.*)
 *(.rel.gnu.linkonce.d*)

.rela.data
 *(.rela.data)
 *(.rela.data.*)
 *(.rela.gnu.linkonce.d*)

.rel.ctors
 *(.rel.ctors)

.rela.ctors
 *(.rela.ctors)

.rel.dtors
 *(.rel.dtors)

.rela.dtors
 *(.rela.dtors)

.rel.got
 *(.rel.got)

.rela.got
 *(.rela.got)

.rel.bss
 *(.rel.bss)

.rela.bss
 *(.rela.bss)

.rel.plt
 *(.rel.plt)

.rela.plt
 *(.rela.plt)

.text           0x00000000     0x3064
 *(.vectors)
 .vectors       0x00000000      0x134 c:/program files (x86)/atmel/studio/7.0/toolchain/avr8/avr8-gnu-toolchain/bin/../lib/gcc/avr/4.9.2/../../../../avr/lib/avr6/crtatmega256rfr2.o
                0x00000000                __vector_default
                0x00000000                __vectors
 *(.vectors)
 *(.progmem.gcc*)
                0x00000134                . = ALIGN (0x2)
                0x00000134                __trampolines_start = .
 *(.trampolines)
 .trampolines   0x00000134        0x0 linker stubs
 *(.trampolines*)
                0x00000134                __trampolines_end = .
 *libprintf_flt.a:*(.progmem.data)
 *libc.a:*(.progmem.data)
 *(.progmem*)
                0x00000134                . = ALIGN (0x2)
 *(.jumptables)
 *(.jumptables*)
 *(.lowtext)
 *(.lowtext*)
                0x00000134                __ctors_start = .
 *(.ctors)
                0x00000134                __ctors_end = .
                0x00000134                __dtors_start = .
 *(.dtors)
                0x00000134                __dtors_end = .
 SORT(*)(.ctors)
 SORT(*)(.dtors)
 *(.init0)
 .init0         0x00000134        0x0 c:/program files (x86)/atmel/studio/7.0/toolchain/avr8/avr8-gnu-toolchain/bin/../lib/gcc/avr/4.9.2/../../../../avr/lib/avr6/crtatmega256rfr2.o
                0x00000134                __init
 *(.init0)
 *(.init1)
 *(.init1)
 *(.init2)
 .init2         0x00000134       0x10 c:/program files (x86)/atmel/studio/7.0/toolchain/avr8/avr8-gnu-toolchain/bin/../lib/gcc/avr/4.9.2/../../../../avr/lib/avr6/crtatmega256rfr2.o
 *(.init2)
 *(.init3)
 *(.init3)
 *(.init4)
 .init4         0x00000144       0x1a c:/program files (x86)/atmel/studio/7.0/toolchain/avr8/avr8-gnu-toolchain/bin/../lib/gcc/avr/4.9.2/avr6\libgcc.a(_copy_data.o)
                0x00000144                __do_copy_data
 .init4         0x0000015e       0x10 c:/program files (x86)/atmel/studio/7.0/toolchain/avr8/avr8-gnu-toolchain/bin/../lib/gcc/avr/4.9.2/avr6\libgcc.a(_clear_bss.o)
                0x0000015e                __do_clear_bss
 *(.init4)
 *(.init5)
 *(.init5)
 *(.init6)
 *(.init6)
 *(.init7)
 *(.init7)
 *(.init8)
 *(.init8)
 *(.init9)
 .init9         0x0000016e        0x6 c:/program files (x86)/atmel/studio/7.0/toolchain/avr8/avr8-gnu-toolchain/bin/../lib/gcc/avr/4.9.2/../../../../avr/lib/avr6/crtatmega256rfr2.o
 *(.init9)
 *(.text)
 .text          0x00000174        0x2 c:/program files (x86)/atmel/studio/7.0/toolchain/avr8/avr8-gnu-toolchain/bin/../lib/gcc/avr/4.9.2/../../../../avr/lib/avr6/crtatmega256rfr2.o
                0x00000174                __vector_38
                0x00000174                __vector_22
                0x00000174                __vector_63
                0x00000174                __vector_28
                0x00000174                __vector_67
                0x00000174                __vector_1
                0x00000174                __vector_32
                0x00000174                __vector_75
                0x00000174                __vector_71
                0x00000174                __vector_34
                0x00000174                __vector_62
                0x00000174                __vector_24
                0x00000174                __vector_12
                0x00000174                __vector_55
                0x00000174                __vector_69
                0x00000174                __vector_46
                0x00000174                __bad_interrupt
                0x00000174                __vector_72
                0x00000174                __vector_6
                0x00000174                __vector_31
                0x00000174                __vector_35
                0x00000174                __vector_74
                0x00000174                __vector_39
                0x00000174                __vector_3
                0x00000174                __vector_23
                0x00000174                __vector_68
                0x00000174                __vector_30
                0x00000174                __vector_73
                0x00000174                __vector_45
                0x00000174                __vector_25
                0x00000174                __vector_61
                0x00000174                __vector_11
                0x00000174                __vector_54
                0x00000174                __vector_17
                0x00000174                __vector_19
                0x00000174                __vector_56
                0x00000174                __vector_7
                0x00000174                __vector_49
                0x00000174                __vector_41
                0x00000174                __vector_64
                0x00000174                __vector_43
                0x00000174                __vector_27
                0x00000174                __vector_5
                0x00000174                __vector_33
                0x00000174                __vector_76
                0x00000174                __vector_47
                0x00000174                __vector_52
                0x00000174                __vector_4
                0x00000174                __vector_44
                0x00000174                __vector_51
                0x00000174                __vector_9
                0x00000174                __vector_2
                0x00000174                __vector_21
                0x00000174                __vector_15
                0x00000174                __vector_66
                0x00000174                __vector_58
                0x00000174                __vector_70
                0x00000174                __vector_29
                0x00000174                __vector_60
                0x00000174                __vector_40
                0x00000174                __vector_8
                0x00000174                __vector_26
                0x00000174                __vector_48
                0x00000174                __vector_14
                0x00000174                __vector_57
                0x00000174                __vector_53
                0x00000174                __vector_10
                0x00000174                __vector_50
                0x00000174                __vector_16
                0x00000174                __vector_59
                0x00000174                __vector_18
                0x00000174                __vector_20
                0x00000174                __vector_65
                0x00000176                . = ALIGN (0x2)
 *(.text.*)
 .text.ADC_Init
                0x00000176       0x3c ADC.o
                0x00000176                ADC_Init
 .text.ADC_getOffset
                0x000001b2       0x4c ADC.o
                0x000001b2                ADC_getOffset
 .text.bmp085_writemem
                0x000001fe       0x24 bmp085.o
                0x000001fe                bmp085_writemem
 .text.bmp085_readmem
                0x00000222       0x86 bmp085.o
                0x00000222                bmp085_readmem
 .text.bmp085_avaragefilter
                0x000002a8       0x72 bmp085.o
                0x000002a8                bmp085_avaragefilter
 .text.bmp085_getcalibration
                0x0000031a      0x17a bmp085.o
                0x0000031a                bmp085_getcalibration
 .text.bmp085_getrawtemperature
                0x00000494       0xfa bmp085.o
                0x00000494                bmp085_getrawtemperature
 .text.bmp085_getrawpressure
                0x0000058e      0x2ea bmp085.o
                0x0000058e                bmp085_getrawpressure
 .text.bmp085_gettemperature
                0x00000878       0x3e bmp085.o
                0x00000878                bmp085_gettemperature
 .text.bmp085_init
                0x000008b6       0x1e bmp085.o
                0x000008b6                bmp085_init
 .text.appDataInd
                0x000008d4       0x3a main.o
 .text.APP_WriteString
                0x0000090e       0x1c main.o
                0x0000090e                APP_WriteString
 .text.appSendData
                0x0000092a       0x38 main.o
 .text.HAL_UartBytesReceived
                0x00000962       0x5e main.o
                0x00000962                HAL_UartBytesReceived
 .text.appTimerHandler
                0x000009c0        0x4 main.o
 .text.APP_sendHello
                0x000009c4       0xa0 main.o
                0x000009c4                APP_sendHello
 .text.appDataConf
                0x00000a64       0x1e main.o
 .text.CheckButtons
                0x00000a82       0x2a main.o
                0x00000a82                CheckButtons
 .text.main     0x00000aac      0x102 main.o
                0x00000aac                main
 .text.serialize_hello_packet
                0x00000bae       0x62 packet_parser.o
                0x00000bae                serialize_hello_packet
 .text.HAL_Init
                0x00000c10       0x28 stack/hal/atmega256rfr2/src/hal.o
                0x00000c10                HAL_Init
 .text.HAL_TimerInit
                0x00000c38       0x2a stack/hal/atmega256rfr2/src/halTimer.o
                0x00000c38                HAL_TimerInit
 .text.HAL_TimerDelay
                0x00000c62       0x44 stack/hal/atmega256rfr2/src/halTimer.o
                0x00000c62                HAL_TimerDelay
 .text.__vector_42
                0x00000ca6       0x22 stack/hal/atmega256rfr2/src/halTimer.o
                0x00000ca6                __vector_42
 .text.__vector_13
                0x00000cc8       0x1e stack/hal/drivers/atmega256rfr2/src/halSleep.o
                0x00000cc8                __vector_13
 .text.HAL_UartInit
                0x00000ce6       0xaa stack/hal/drivers/atmega256rfr2/src/halUart.o
                0x00000ce6                HAL_UartInit
 .text.HAL_UartWriteByte
                0x00000d90       0x4e stack/hal/drivers/atmega256rfr2/src/halUart.o
                0x00000d90                HAL_UartWriteByte
 .text.HAL_UartWriteString
                0x00000dde       0x1c stack/hal/drivers/atmega256rfr2/src/halUart.o
                0x00000dde                HAL_UartWriteString
 .text.HAL_UartReadByte
                0x00000dfa       0x4c stack/hal/drivers/atmega256rfr2/src/halUart.o
                0x00000dfa                HAL_UartReadByte
 .text.__vector_37
                0x00000e46       0x38 stack/hal/drivers/atmega256rfr2/src/halUart.o
                0x00000e46                __vector_37
 .text.__vector_36
                0x00000e7e       0xae stack/hal/drivers/atmega256rfr2/src/halUart.o
                0x00000e7e                __vector_36
 .text.HAL_UartTaskHandler
                0x00000f2c       0x86 stack/hal/drivers/atmega256rfr2/src/halUart.o
                0x00000f2c                HAL_UartTaskHandler
 .text.NWK_Init
                0x00000fb2       0x2e stack/nwk/src/nwk.o
                0x00000fb2                NWK_Init
 .text.NWK_SetAddr
                0x00000fe0        0xe stack/nwk/src/nwk.o
                0x00000fe0                NWK_SetAddr
 .text.NWK_SetPanId
                0x00000fee        0xe stack/nwk/src/nwk.o
                0x00000fee                NWK_SetPanId
 .text.NWK_OpenEndpoint
                0x00000ffc       0x12 stack/nwk/src/nwk.o
                0x00000ffc                NWK_OpenEndpoint
 .text.NWK_TaskHandler
                0x0000100e        0x8 stack/nwk/src/nwk.o
                0x0000100e                NWK_TaskHandler
 .text.nwkDataReqTxConf
                0x00001016       0x46 stack/nwk/src/nwkDataReq.o
 .text.nwkDataReqInit
                0x0000105c        0xa stack/nwk/src/nwkDataReq.o
                0x0000105c                nwkDataReqInit
 .text.NWK_DataReq
                0x00001066       0x48 stack/nwk/src/nwkDataReq.o
                0x00001066                NWK_DataReq
 .text.nwkDataReqTaskHandler
                0x000010ae      0x146 stack/nwk/src/nwkDataReq.o
                0x000010ae                nwkDataReqTaskHandler
 .text.nwkFrameInit
                0x000011f4       0x16 stack/nwk/src/nwkFrame.o
                0x000011f4                nwkFrameInit
 .text.nwkFrameAlloc
                0x0000120a       0x72 stack/nwk/src/nwkFrame.o
                0x0000120a                nwkFrameAlloc
 .text.nwkFrameFree
                0x0000127c       0x14 stack/nwk/src/nwkFrame.o
                0x0000127c                nwkFrameFree
 .text.nwkFrameNext
                0x00001290       0x44 stack/nwk/src/nwkFrame.o
                0x00001290                nwkFrameNext
 .text.nwkFrameCommandInit
                0x000012d4       0x28 stack/nwk/src/nwkFrame.o
                0x000012d4                nwkFrameCommandInit
 .text.nwkRouteInit
                0x000012fc       0x3e stack/nwk/src/nwkRoute.o
                0x000012fc                nwkRouteInit
 .text.NWK_RouteFindEntry
                0x0000133a       0x64 stack/nwk/src/nwkRoute.o
                0x0000133a                NWK_RouteFindEntry
 .text.NWK_RouteNewEntry
                0x0000139e       0x52 stack/nwk/src/nwkRoute.o
                0x0000139e                NWK_RouteNewEntry
 .text.NWK_RouteFreeEntry
                0x000013f0       0x14 stack/nwk/src/nwkRoute.o
                0x000013f0                NWK_RouteFreeEntry
 .text.NWK_RouteNextHop
                0x00001404       0x14 stack/nwk/src/nwkRoute.o
                0x00001404                NWK_RouteNextHop
 .text.nwkRouteRemove
                0x00001418        0xa stack/nwk/src/nwkRoute.o
                0x00001418                nwkRouteRemove
 .text.nwkRouteFrameReceived
                0x00001422       0x9e stack/nwk/src/nwkRoute.o
                0x00001422                nwkRouteFrameReceived
 .text.nwkRouteFrameSent
                0x000014c0       0x8e stack/nwk/src/nwkRoute.o
                0x000014c0                nwkRouteFrameSent
 .text.nwkRoutePrepareTx
                0x0000154e       0x3e stack/nwk/src/nwkRoute.o
                0x0000154e                nwkRoutePrepareTx
 .text.nwkRouteFrame
                0x0000158c       0x98 stack/nwk/src/nwkRoute.o
                0x0000158c                nwkRouteFrame
 .text.nwkRouteErrorReceived
                0x00001624       0x22 stack/nwk/src/nwkRoute.o
                0x00001624                nwkRouteErrorReceived
 .text.nwkRxServiceDataInd
                0x00001646       0x30 stack/nwk/src/nwkRx.o
 .text.nwkRxDuplicateRejectionTimerHandler
                0x00001676       0x2c stack/nwk/src/nwkRx.o
 .text.nwkRxInit
                0x000016a2       0x3a stack/nwk/src/nwkRx.o
                0x000016a2                nwkRxInit
 .text.PHY_DataInd
                0x000016dc       0x56 stack/nwk/src/nwkRx.o
                0x000016dc                PHY_DataInd
 .text.nwkRxTaskHandler
                0x00001732      0x486 stack/nwk/src/nwkRx.o
                0x00001732                nwkRxTaskHandler
 .text.nwkTxDelayTimerHandler
                0x00001bb8       0x58 stack/nwk/src/nwkTx.o
 .text.nwkTxAckWaitTimerHandler
                0x00001c10       0x64 stack/nwk/src/nwkTx.o
 .text.nwkTxInit
                0x00001c74       0x46 stack/nwk/src/nwkTx.o
                0x00001c74                nwkTxInit
 .text.nwkTxFrame
                0x00001cba       0x9e stack/nwk/src/nwkTx.o
                0x00001cba                nwkTxFrame
 .text.nwkTxBroadcastFrame
                0x00001d58       0x8a stack/nwk/src/nwkTx.o
                0x00001d58                nwkTxBroadcastFrame
 .text.nwkTxAckReceived
                0x00001de2       0x48 stack/nwk/src/nwkTx.o
                0x00001de2                nwkTxAckReceived
 .text.PHY_DataConf
                0x00001e2a       0x46 stack/nwk/src/nwkTx.o
                0x00001e2a                PHY_DataConf
 .text.nwkTxTaskHandler
                0x00001e70      0x136 stack/nwk/src/nwkTx.o
                0x00001e70                nwkTxTaskHandler
 .text.phySetChannel
                0x00001fa6       0x3c stack/phy/atmega256rfr2/src/phy.o
 .text.phyTrxSetState
                0x00001fe2       0x24 stack/phy/atmega256rfr2/src/phy.o
 .text.phySetRxState
                0x00002006       0x18 stack/phy/atmega256rfr2/src/phy.o
 .text.PHY_Init
                0x0000201e       0x2e stack/phy/atmega256rfr2/src/phy.o
                0x0000201e                PHY_Init
 .text.PHY_SetRxState
                0x0000204c        0x8 stack/phy/atmega256rfr2/src/phy.o
                0x0000204c                PHY_SetRxState
 .text.PHY_SetChannel
                0x00002054        0x8 stack/phy/atmega256rfr2/src/phy.o
                0x00002054                PHY_SetChannel
 .text.PHY_SetPanId
                0x0000205c       0x24 stack/phy/atmega256rfr2/src/phy.o
                0x0000205c                PHY_SetPanId
 .text.PHY_SetShortAddr
                0x00002080       0x2e stack/phy/atmega256rfr2/src/phy.o
                0x00002080                PHY_SetShortAddr
 .text.PHY_DataReq
                0x000020ae       0x54 stack/phy/atmega256rfr2/src/phy.o
                0x000020ae                PHY_DataReq
 .text.PHY_TaskHandler
                0x00002102       0xf6 stack/phy/atmega256rfr2/src/phy.o
                0x00002102                PHY_TaskHandler
 .text.SYS_Init
                0x000021f8        0xe stack/sys/src/sys.o
                0x000021f8                SYS_Init
 .text.SYS_TaskHandler
                0x00002206        0xa stack/sys/src/sys.o
                0x00002206                SYS_TaskHandler
 .text.placeTimer
                0x00002210       0xc8 stack/sys/src/sysTimer.o
 .text.SYS_TimerInit
                0x000022d8        0xa stack/sys/src/sysTimer.o
                0x000022d8                SYS_TimerInit
 .text.SYS_TimerStop
                0x000022e2       0x7a stack/sys/src/sysTimer.o
                0x000022e2                SYS_TimerStop
 .text.SYS_TimerStarted
                0x0000235c       0x34 stack/sys/src/sysTimer.o
                0x0000235c                SYS_TimerStarted
 .text.SYS_TimerStart
                0x00002390       0x16 stack/sys/src/sysTimer.o
                0x00002390                SYS_TimerStart
 .text.SYS_TimerTaskHandler
                0x000023a6       0xd6 stack/sys/src/sysTimer.o
                0x000023a6                SYS_TimerTaskHandler
 .text.ADC_Measure_Avg
                0x0000247c       0x58 TermostaticValve.o
                0x0000247c                ADC_Measure_Avg
 .text.DelayMs  0x000024d4       0x1c TermostaticValve.o
                0x000024d4                DelayMs
 .text.setPosition
                0x000024f0       0xae TermostaticValve.o
                0x000024f0                setPosition
 .text.calibration
                0x0000259e      0x11e TermostaticValve.o
                0x0000259e                calibration
 .text.initTermosticValve
                0x000026bc       0x24 TermostaticValve.o
                0x000026bc                initTermosticValve
 .text.openClose
                0x000026e0       0xf0 TermostaticValve.o
                0x000026e0                openClose
 .text.i2c_init
                0x000027d0        0xc twimaster.o
                0x000027d0                i2c_init
 .text.i2c_start
                0x000027dc       0x4e twimaster.o
                0x000027dc                i2c_start
 .text.i2c_start_wait
                0x0000282a       0x50 twimaster.o
                0x0000282a                i2c_start_wait
 .text.i2c_rep_start
                0x0000287a        0x4 twimaster.o
                0x0000287a                i2c_rep_start
 .text.i2c_stop
                0x0000287e       0x12 twimaster.o
                0x0000287e                i2c_stop
 .text.i2c_write
                0x00002890       0x24 twimaster.o
                0x00002890                i2c_write
 .text.i2c_readAck
                0x000028b4       0x16 twimaster.o
                0x000028b4                i2c_readAck
 .text.i2c_readNak
                0x000028ca       0x16 twimaster.o
                0x000028ca                i2c_readNak
 .text.avr-libc.fplib
                0x000028e0        0xa c:/program files (x86)/atmel/studio/7.0/toolchain/avr8/avr8-gnu-toolchain/bin/../lib/gcc/avr/4.9.2/../../../../avr/lib/avr6\libm.a(addsf3.o)
                0x000028e0                __subsf3
                0x000028e2                __addsf3
 .text.avr-libc.fplib
                0x000028ea       0xc0 c:/program files (x86)/atmel/studio/7.0/toolchain/avr8/avr8-gnu-toolchain/bin/../lib/gcc/avr/4.9.2/../../../../avr/lib/avr6\libm.a(addsf3x.o)
                0x00002904                __addsf3x
 .text.avr-libc.fplib
                0x000029aa        0x4 c:/program files (x86)/atmel/studio/7.0/toolchain/avr8/avr8-gnu-toolchain/bin/../lib/gcc/avr/4.9.2/../../../../avr/lib/avr6\libm.a(divsf3.o)
                0x000029aa                __divsf3
 .text.avr-libc.fplib
                0x000029ae       0xcc c:/program files (x86)/atmel/studio/7.0/toolchain/avr8/avr8-gnu-toolchain/bin/../lib/gcc/avr/4.9.2/../../../../avr/lib/avr6\libm.a(divsf3x.o)
                0x000029c4                __divsf3x
                0x000029c8                __divsf3_pse
 .text.avr-libc.fplib
                0x00002a7a        0xa c:/program files (x86)/atmel/studio/7.0/toolchain/avr8/avr8-gnu-toolchain/bin/../lib/gcc/avr/4.9.2/../../../../avr/lib/avr6\libm.a(fixsfsi.o)
                0x00002a7a                __fixsfsi
 .text.avr-libc.fplib
                0x00002a84       0x58 c:/program files (x86)/atmel/studio/7.0/toolchain/avr8/avr8-gnu-toolchain/bin/../lib/gcc/avr/4.9.2/../../../../avr/lib/avr6\libm.a(fixunssfsi.o)
                0x00002a84                __fixunssfsi
 .text.avr-libc.fplib
                0x00002adc       0x7a c:/program files (x86)/atmel/studio/7.0/toolchain/avr8/avr8-gnu-toolchain/bin/../lib/gcc/avr/4.9.2/../../../../avr/lib/avr6\libm.a(floatsisf.o)
                0x00002adc                __floatunsisf
                0x00002ae0                __floatsisf
 .text.avr-libc.fplib
                0x00002b56        0xc c:/program files (x86)/atmel/studio/7.0/toolchain/avr8/avr8-gnu-toolchain/bin/../lib/gcc/avr/4.9.2/../../../../avr/lib/avr6\libm.a(fp_inf.o)
                0x00002b56                __fp_inf
 .text.avr-libc.fplib
                0x00002b62        0x6 c:/program files (x86)/atmel/studio/7.0/toolchain/avr8/avr8-gnu-toolchain/bin/../lib/gcc/avr/4.9.2/../../../../avr/lib/avr6\libm.a(fp_nan.o)
                0x00002b62                __fp_nan
 .text.avr-libc.fplib
                0x00002b68        0xe c:/program files (x86)/atmel/studio/7.0/toolchain/avr8/avr8-gnu-toolchain/bin/../lib/gcc/avr/4.9.2/../../../../avr/lib/avr6\libm.a(fp_pscA.o)
                0x00002b68                __fp_pscA
 .text.avr-libc.fplib
                0x00002b76        0xe c:/program files (x86)/atmel/studio/7.0/toolchain/avr8/avr8-gnu-toolchain/bin/../lib/gcc/avr/4.9.2/../../../../avr/lib/avr6\libm.a(fp_pscB.o)
                0x00002b76                __fp_pscB
 .text.avr-libc.fplib
                0x00002b84       0x22 c:/program files (x86)/atmel/studio/7.0/toolchain/avr8/avr8-gnu-toolchain/bin/../lib/gcc/avr/4.9.2/../../../../avr/lib/avr6\libm.a(fp_round.o)
                0x00002b84                __fp_round
 .text.avr-libc.fplib
                0x00002ba6       0x44 c:/program files (x86)/atmel/studio/7.0/toolchain/avr8/avr8-gnu-toolchain/bin/../lib/gcc/avr/4.9.2/../../../../avr/lib/avr6\libm.a(fp_split3.o)
                0x00002ba6                __fp_split3
                0x00002bb6                __fp_splitA
 .text.avr-libc.fplib
                0x00002bea        0xe c:/program files (x86)/atmel/studio/7.0/toolchain/avr8/avr8-gnu-toolchain/bin/../lib/gcc/avr/4.9.2/../../../../avr/lib/avr6\libm.a(fp_zero.o)
                0x00002bea                __fp_zero
                0x00002bec                __fp_szero
 .text.libgcc.mul
                0x00002bf8       0x1e c:/program files (x86)/atmel/studio/7.0/toolchain/avr8/avr8-gnu-toolchain/bin/../lib/gcc/avr/4.9.2/avr6\libgcc.a(_mulsi3.o)
                0x00002bf8                __mulsi3
 .text.libgcc.div
                0x00002c16       0x44 c:/program files (x86)/atmel/studio/7.0/toolchain/avr8/avr8-gnu-toolchain/bin/../lib/gcc/avr/4.9.2/avr6\libgcc.a(_udivmodsi4.o)
                0x00002c16                __udivmodsi4
 .text.libgcc.div
                0x00002c5a       0x28 c:/program files (x86)/atmel/studio/7.0/toolchain/avr8/avr8-gnu-toolchain/bin/../lib/gcc/avr/4.9.2/avr6\libgcc.a(_divmodsi4.o)
                0x00002c5a                __divmodsi4
 .text.libgcc.div
                0x00002c82       0x10 c:/program files (x86)/atmel/studio/7.0/toolchain/avr8/avr8-gnu-toolchain/bin/../lib/gcc/avr/4.9.2/avr6\libgcc.a(_negsi2.o)
                0x00002c82                __negsi2
 .text.libgcc.mul
                0x00002c92       0x1e c:/program files (x86)/atmel/studio/7.0/toolchain/avr8/avr8-gnu-toolchain/bin/../lib/gcc/avr/4.9.2/avr6\libgcc.a(_umulhisi3.o)
                0x00002c92                __umulhisi3
 .text.libgcc.mul
                0x00002cb0       0x14 c:/program files (x86)/atmel/studio/7.0/toolchain/avr8/avr8-gnu-toolchain/bin/../lib/gcc/avr/4.9.2/avr6\libgcc.a(_muluhisi3.o)
                0x00002cb0                __muluhisi3
 .text.libgcc.mul
                0x00002cc4        0xc c:/program files (x86)/atmel/studio/7.0/toolchain/avr8/avr8-gnu-toolchain/bin/../lib/gcc/avr/4.9.2/avr6\libgcc.a(_mulshisi3.o)
                0x00002cc4                __mulshisi3
                0x00002cc8                __mulohisi3
 .text.avr-libc
                0x00002cd0      0x25a c:/program files (x86)/atmel/studio/7.0/toolchain/avr8/avr8-gnu-toolchain/bin/../lib/gcc/avr/4.9.2/../../../../avr/lib/avr6\libc.a(malloc.o)
                0x00002cd0                malloc
                0x00002dfa                free
 .text.avr-libc
                0x00002f2a       0xaa c:/program files (x86)/atmel/studio/7.0/toolchain/avr8/avr8-gnu-toolchain/bin/../lib/gcc/avr/4.9.2/../../../../avr/lib/avr6\libc.a(rand.o)
                0x00002fb6                rand_r
                0x00002fb8                rand
                0x00002fbe                srand
 .text.avr-libc
                0x00002fd4       0x12 c:/program files (x86)/atmel/studio/7.0/toolchain/avr8/avr8-gnu-toolchain/bin/../lib/gcc/avr/4.9.2/../../../../avr/lib/avr6\libc.a(memcpy.o)
                0x00002fd4                memcpy
 .text.avr-libc
                0x00002fe6       0x14 c:/program files (x86)/atmel/studio/7.0/toolchain/avr8/avr8-gnu-toolchain/bin/../lib/gcc/avr/4.9.2/../../../../avr/lib/avr6\libc.a(itoa.o)
                0x00002fe6                __itoa
                0x00002fe6                itoa
 .text.avr-libc
                0x00002ffa       0x14 c:/program files (x86)/atmel/studio/7.0/toolchain/avr8/avr8-gnu-toolchain/bin/../lib/gcc/avr/4.9.2/../../../../avr/lib/avr6\libc.a(itoa_ncheck.o)
                0x00002ffa                __itoa_ncheck
 .text.avr-libc
                0x0000300e       0x32 c:/program files (x86)/atmel/studio/7.0/toolchain/avr8/avr8-gnu-toolchain/bin/../lib/gcc/avr/4.9.2/../../../../avr/lib/avr6\libc.a(utoa_ncheck.o)
                0x0000300e                __utoa_ncheck
                0x00003010                __utoa_common
 .text.avr-libc
                0x00003040       0x20 c:/program files (x86)/atmel/studio/7.0/toolchain/avr8/avr8-gnu-toolchain/bin/../lib/gcc/avr/4.9.2/../../../../avr/lib/avr6\libc.a(strrev.o)
                0x00003040                strrev
                0x00003060                . = ALIGN (0x2)
 *(.fini9)
 .fini9         0x00003060        0x0 c:/program files (x86)/atmel/studio/7.0/toolchain/avr8/avr8-gnu-toolchain/bin/../lib/gcc/avr/4.9.2/avr6\libgcc.a(_exit.o)
                0x00003060                _exit
                0x00003060                exit
 *(.fini9)
 *(.fini8)
 *(.fini8)
 *(.fini7)
 *(.fini7)
 *(.fini6)
 *(.fini6)
 *(.fini5)
 *(.fini5)
 *(.fini4)
 *(.fini4)
 *(.fini3)
 *(.fini3)
 *(.fini2)
 *(.fini2)
 *(.fini1)
 *(.fini1)
 *(.fini0)
 .fini0         0x00003060        0x4 c:/program files (x86)/atmel/studio/7.0/toolchain/avr8/avr8-gnu-toolchain/bin/../lib/gcc/avr/4.9.2/avr6\libgcc.a(_exit.o)
 *(.fini0)
                0x00003064                _etext = .

.data           0x00800200      0x122 load address 0x00003064
                0x00800200                PROVIDE (__data_start, .)
 *(.data)
 .data          0x00800200        0x6 c:/program files (x86)/atmel/studio/7.0/toolchain/avr8/avr8-gnu-toolchain/bin/../lib/gcc/avr/4.9.2/../../../../avr/lib/avr6\libc.a(malloc.o)
                0x00800200                __malloc_heap_end
                0x00800202                __malloc_heap_start
                0x00800204                __malloc_margin
 .data          0x00800206        0x4 c:/program files (x86)/atmel/studio/7.0/toolchain/avr8/avr8-gnu-toolchain/bin/../lib/gcc/avr/4.9.2/../../../../avr/lib/avr6\libc.a(rand.o)
 *(.data*)
 .data.TermostaticValveMod
                0x0080020a        0x1 main.o
                0x0080020a                TermostaticValveMod
 .data.position
                0x0080020b        0x1 TermostaticValve.o
                0x0080020b                position
 *(.rodata)
 *(.rodata*)
 .rodata.str1.1
                0x0080020c       0x7d main.o
                                 0x80 (size before relaxing)
 .rodata.str1.1
                0x00800289       0x98 TermostaticValve.o
                                 0x9b (size before relaxing)
 *(.gnu.linkonce.d*)
                0x00800322                . = ALIGN (0x2)
 *fill*         0x00800321        0x1 
                0x00800322                _edata = .
                0x00800322                PROVIDE (__data_end, .)

.bss            0x00800322     0x1892
                0x00800322                PROVIDE (__bss_start, .)
 *(.bss)
 *(.bss*)
 .bss.k         0x00800322       0x54 bmp085.o
 .bss.appUartBufferPtr
                0x00800376        0x1 main.o
 .bss.appUartBuffer
                0x00800377       0x6d main.o
 .bss.appDataReqBuffer
                0x008003e4       0x6d main.o
 .bss.appDataReqBusy
                0x00800451        0x1 main.o
 .bss.appDataReq
                0x00800452       0x11 main.o
 .bss.appTimer  0x00800463        0xd main.o
 .bss.appState  0x00800470        0x1 main.o
 .bss.halSleepTimerEvent
                0x00800471        0x1 stack/hal/drivers/atmega256rfr2/src/halSleep.o
 .bss.newData   0x00800472        0x1 stack/hal/drivers/atmega256rfr2/src/halUart.o
 .bss.udrEmpty  0x00800473        0x1 stack/hal/drivers/atmega256rfr2/src/halUart.o
 .bss.rxData    0x00800474      0x191 stack/hal/drivers/atmega256rfr2/src/halUart.o
 .bss.rxFifo    0x00800605        0xa stack/hal/drivers/atmega256rfr2/src/halUart.o
 .bss.txData    0x0080060f      0x191 stack/hal/drivers/atmega256rfr2/src/halUart.o
 .bss.txFifo    0x008007a0        0xa stack/hal/drivers/atmega256rfr2/src/halUart.o
 .bss.nwkDataReqQueue
                0x008007aa        0x2 stack/nwk/src/nwkDataReq.o
 .bss.nwkFrameFrames
                0x008007ac     0x100e stack/nwk/src/nwkFrame.o
 .bss.nwkRouteTable
                0x008017ba      0x2bc stack/nwk/src/nwkRoute.o
 .bss.nwkRxDuplicateRejectionTimer
                0x00801a76        0xd stack/nwk/src/nwkRx.o
 .bss.nwkRxAckControl
                0x00801a83        0x1 stack/nwk/src/nwkRx.o
 .bss.nwkRxDuplicateRejectionTable
                0x00801a84       0x32 stack/nwk/src/nwkRx.o
 .bss.nwkTxDelayTimer
                0x00801ab6        0xd stack/nwk/src/nwkTx.o
 .bss.nwkTxAckWaitTimer
                0x00801ac3        0xd stack/nwk/src/nwkTx.o
 .bss.nwkTxPhyActiveFrame
                0x00801ad0        0x2 stack/nwk/src/nwkTx.o
 .bss.phyBand   0x00801ad2        0x1 stack/phy/atmega256rfr2/src/phy.o
 .bss.phyChannel
                0x00801ad3        0x1 stack/phy/atmega256rfr2/src/phy.o
 .bss.phyRxState
                0x00801ad4        0x1 stack/phy/atmega256rfr2/src/phy.o
 .bss.phyRxBuffer
                0x00801ad5       0x80 stack/phy/atmega256rfr2/src/phy.o
 .bss.phyState  0x00801b55        0x1 stack/phy/atmega256rfr2/src/phy.o
 .bss.timers    0x00801b56        0x2 stack/sys/src/sysTimer.o
 .bss.NumberOfPulsesOpen
                0x00801b58        0x2 TermostaticValve.o
                0x00801b58                NumberOfPulsesOpen
 .bss.NumberOfPulsesClose
                0x00801b5a        0x2 TermostaticValve.o
                0x00801b5a                NumberOfPulsesClose
 .bss.CalibrationCounter
                0x00801b5c        0x1 TermostaticValve.o
                0x00801b5c                CalibrationCounter
 *(COMMON)
 COMMON         0x00801b5d       0x1e bmp085.o
                0x00801b5d                bmp085_regac4
                0x00801b5f                bmp085_regb2
                0x00801b61                bmp085_rawpressure
                0x00801b65                bmp085_regac3
                0x00801b67                bmp085_rawtemperature
                0x00801b6b                bmp085_regb1
                0x00801b6d                bmp085_regac6
                0x00801b6f                bmp085_regmd
                0x00801b71                bmp085_regac1
                0x00801b73                bmp085_regmb
                0x00801b75                bmp085_regac5
                0x00801b77                bmp085_regmc
                0x00801b79                bmp085_regac2
 COMMON         0x00801b7b        0x1 stack/hal/atmega256rfr2/src/halTimer.o
                0x00801b7b                halTimerIrqCount
 COMMON         0x00801b7c       0x28 stack/nwk/src/nwk.o
                0x00801b7c                nwkIb
 COMMON         0x00801ba4        0xc TermostaticValve.o
                0x00801ba4                tmp
                0x00801ba6                vysledek_string
 COMMON         0x00801bb0        0x4 c:/program files (x86)/atmel/studio/7.0/toolchain/avr8/avr8-gnu-toolchain/bin/../lib/gcc/avr/4.9.2/../../../../avr/lib/avr6\libc.a(malloc.o)
                0x00801bb0                __brkval
                0x00801bb2                __flp
                0x00801bb4                PROVIDE (__bss_end, .)
                0x00003064                __data_load_start = LOADADDR (.data)
                0x00003186                __data_load_end = (__data_load_start + SIZEOF (.data))

.noinit         0x00801bb4        0x0
                [!provide]                PROVIDE (__noinit_start, .)
 *(.noinit*)
                [!provide]                PROVIDE (__noinit_end, .)
                0x00801bb4                _end = .
                0x00801bb4                PROVIDE (__heap_start, .)

.eeprom         0x00810000        0x0
 *(.eeprom*)
                0x00810000                __eeprom_end = .

.fuse
 *(.fuse)
 *(.lfuse)
 *(.hfuse)
 *(.efuse)

.lock
 *(.lock*)

.signature
 *(.signature*)

.user_signatures
 *(.user_signatures*)

.stab
 *(.stab)

.stabstr
 *(.stabstr)

.stab.excl
 *(.stab.excl)

.stab.exclstr
 *(.stab.exclstr)

.stab.index
 *(.stab.index)

.stab.indexstr
 *(.stab.indexstr)

.comment        0x00000000       0x30
 *(.comment)
 .comment       0x00000000       0x30 ADC.o
                                 0x31 (size before relaxing)
 .comment       0x00000030       0x31 bmp085.o
 .comment       0x00000030       0x31 main.o
 .comment       0x00000030       0x31 packet_parser.o
 .comment       0x00000030       0x31 stack/hal/atmega256rfr2/src/hal.o
 .comment       0x00000030       0x31 stack/hal/atmega256rfr2/src/halTimer.o
 .comment       0x00000030       0x31 stack/hal/drivers/atmega256rfr2/src/halSleep.o
 .comment       0x00000030       0x31 stack/hal/drivers/atmega256rfr2/src/halUart.o
 .comment       0x00000030       0x31 stack/nwk/src/nwk.o
 .comment       0x00000030       0x31 stack/nwk/src/nwkDataReq.o
 .comment       0x00000030       0x31 stack/nwk/src/nwkFrame.o
 .comment       0x00000030       0x31 stack/nwk/src/nwkRoute.o
 .comment       0x00000030       0x31 stack/nwk/src/nwkRx.o
 .comment       0x00000030       0x31 stack/nwk/src/nwkTx.o
 .comment       0x00000030       0x31 stack/phy/atmega256rfr2/src/phy.o
 .comment       0x00000030       0x31 stack/sys/src/sys.o
 .comment       0x00000030       0x31 stack/sys/src/sysTimer.o
 .comment       0x00000030       0x31 TermostaticValve.o
 .comment       0x00000030       0x31 twimaster.o
 .comment       0x00000030       0x31 c:/program files (x86)/atmel/studio/7.0/toolchain/avr8/avr8-gnu-toolchain/bin/../lib/gcc/avr/4.9.2/../../../../avr/lib/avr6\libc.a(malloc.o)
 .comment       0x00000030       0x31 c:/program files (x86)/atmel/studio/7.0/toolchain/avr8/avr8-gnu-toolchain/bin/../lib/gcc/avr/4.9.2/../../../../avr/lib/avr6\libc.a(rand.o)

.note.gnu.avr.deviceinfo
                0x00000000       0x40
 .note.gnu.avr.deviceinfo
                0x00000000       0x40 c:/program files (x86)/atmel/studio/7.0/toolchain/avr8/avr8-gnu-toolchain/bin/../lib/gcc/avr/4.9.2/../../../../avr/lib/avr6/crtatmega256rfr2.o

.note.gnu.build-id
 *(.note.gnu.build-id)

.debug
 *(.debug)

.line
 *(.line)

.debug_srcinfo
 *(.debug_srcinfo)

.debug_sfnames
 *(.debug_sfnames)

.debug_aranges  0x00000000      0x618
 *(.debug_aranges)
 .debug_aranges
                0x00000000       0x48 ADC.o
 .debug_aranges
                0x00000048       0x68 bmp085.o
 .debug_aranges
                0x000000b0       0x70 main.o
 .debug_aranges
                0x00000120       0x80 packet_parser.o
 .debug_aranges
                0x000001a0       0x28 stack/hal/atmega256rfr2/src/hal.o
 .debug_aranges
                0x000001c8       0x30 stack/hal/atmega256rfr2/src/halTimer.o
 .debug_aranges
                0x000001f8       0x28 stack/hal/drivers/atmega256rfr2/src/halSleep.o
 .debug_aranges
                0x00000220       0x50 stack/hal/drivers/atmega256rfr2/src/halUart.o
 .debug_aranges
                0x00000270       0x70 stack/nwk/src/nwk.o
 .debug_aranges
                0x000002e0       0x38 stack/nwk/src/nwkDataReq.o
 .debug_aranges
                0x00000318       0x40 stack/nwk/src/nwkFrame.o
 .debug_aranges
                0x00000358       0x80 stack/nwk/src/nwkRoute.o
 .debug_aranges
                0x000003d8       0x48 stack/nwk/src/nwkRx.o
 .debug_aranges
                0x00000420       0x60 stack/nwk/src/nwkTx.o
 .debug_aranges
                0x00000480       0x88 stack/phy/atmega256rfr2/src/phy.o
 .debug_aranges
                0x00000508       0x28 stack/sys/src/sys.o
 .debug_aranges
                0x00000530       0x48 stack/sys/src/sysTimer.o
 .debug_aranges
                0x00000578       0x48 TermostaticValve.o
 .debug_aranges
                0x000005c0       0x58 twimaster.o

.debug_pubnames
 *(.debug_pubnames)

.debug_info     0x00000000     0x8e6c
 *(.debug_info .gnu.linkonce.wi.*)
 .debug_info    0x00000000     0x13e6 c:/program files (x86)/atmel/studio/7.0/toolchain/avr8/avr8-gnu-toolchain/bin/../lib/gcc/avr/4.9.2/../../../../avr/lib/avr6/crtatmega256rfr2.o
 .debug_info    0x000013e6      0x1c1 ADC.o
 .debug_info    0x000015a7      0x938 bmp085.o
 .debug_info    0x00001edf      0xfff main.o
 .debug_info    0x00002ede      0xe71 packet_parser.o
 .debug_info    0x00003d4f      0x128 stack/hal/atmega256rfr2/src/hal.o
 .debug_info    0x00003e77       0xe4 stack/hal/atmega256rfr2/src/halTimer.o
 .debug_info    0x00003f5b      0x184 stack/hal/drivers/atmega256rfr2/src/halSleep.o
 .debug_info    0x000040df      0x35d stack/hal/drivers/atmega256rfr2/src/halUart.o
 .debug_info    0x0000443c      0x4b9 stack/nwk/src/nwk.o
 .debug_info    0x000048f5      0x79d stack/nwk/src/nwkDataReq.o
 .debug_info    0x00005092      0x56a stack/nwk/src/nwkFrame.o
 .debug_info    0x000055fc      0xb58 stack/nwk/src/nwkRoute.o
 .debug_info    0x00006154      0xcbb stack/nwk/src/nwkRx.o
 .debug_info    0x00006e0f      0xa62 stack/nwk/src/nwkTx.o
 .debug_info    0x00007871      0x7c0 stack/phy/atmega256rfr2/src/phy.o
 .debug_info    0x00008031      0x12b stack/sys/src/sys.o
 .debug_info    0x0000815c      0x341 stack/sys/src/sysTimer.o
 .debug_info    0x0000849d      0x812 TermostaticValve.o
 .debug_info    0x00008caf      0x1bd twimaster.o

.debug_abbrev   0x00000000     0x3797
 *(.debug_abbrev)
 .debug_abbrev  0x00000000     0x12d6 c:/program files (x86)/atmel/studio/7.0/toolchain/avr8/avr8-gnu-toolchain/bin/../lib/gcc/avr/4.9.2/../../../../avr/lib/avr6/crtatmega256rfr2.o
 .debug_abbrev  0x000012d6       0xd7 ADC.o
 .debug_abbrev  0x000013ad      0x279 bmp085.o
 .debug_abbrev  0x00001626      0x438 main.o
 .debug_abbrev  0x00001a5e      0x249 packet_parser.o
 .debug_abbrev  0x00001ca7       0xda stack/hal/atmega256rfr2/src/hal.o
 .debug_abbrev  0x00001d81       0xaa stack/hal/atmega256rfr2/src/halTimer.o
 .debug_abbrev  0x00001e2b       0xd5 stack/hal/drivers/atmega256rfr2/src/halSleep.o
 .debug_abbrev  0x00001f00      0x170 stack/hal/drivers/atmega256rfr2/src/halUart.o
 .debug_abbrev  0x00002070      0x1c7 stack/nwk/src/nwk.o
 .debug_abbrev  0x00002237      0x2ac stack/nwk/src/nwkDataReq.o
 .debug_abbrev  0x000024e3      0x181 stack/nwk/src/nwkFrame.o
 .debug_abbrev  0x00002664      0x355 stack/nwk/src/nwkRoute.o
 .debug_abbrev  0x000029b9      0x3c3 stack/nwk/src/nwkRx.o
 .debug_abbrev  0x00002d7c      0x354 stack/nwk/src/nwkTx.o
 .debug_abbrev  0x000030d0      0x247 stack/phy/atmega256rfr2/src/phy.o
 .debug_abbrev  0x00003317       0x62 stack/sys/src/sys.o
 .debug_abbrev  0x00003379      0x199 stack/sys/src/sysTimer.o
 .debug_abbrev  0x00003512      0x1a0 TermostaticValve.o
 .debug_abbrev  0x000036b2       0xe5 twimaster.o

.debug_line     0x00000000     0x3d98
 *(.debug_line .debug_line.* .debug_line_end)
 .debug_line    0x00000000       0x1a c:/program files (x86)/atmel/studio/7.0/toolchain/avr8/avr8-gnu-toolchain/bin/../lib/gcc/avr/4.9.2/../../../../avr/lib/avr6/crtatmega256rfr2.o
 .debug_line    0x0000001a      0x237 ADC.o
 .debug_line    0x00000251      0x479 bmp085.o
 .debug_line    0x000006ca      0x65f main.o
 .debug_line    0x00000d29      0x57b packet_parser.o
 .debug_line    0x000012a4      0x185 stack/hal/atmega256rfr2/src/hal.o
 .debug_line    0x00001429      0x12d stack/hal/atmega256rfr2/src/halTimer.o
 .debug_line    0x00001556      0x1db stack/hal/drivers/atmega256rfr2/src/halSleep.o
 .debug_line    0x00001731      0x2ed stack/hal/drivers/atmega256rfr2/src/halUart.o
 .debug_line    0x00001a1e      0x2ab stack/nwk/src/nwk.o
 .debug_line    0x00001cc9      0x24c stack/nwk/src/nwkDataReq.o
 .debug_line    0x00001f15      0x1cb stack/nwk/src/nwkFrame.o
 .debug_line    0x000020e0      0x48c stack/nwk/src/nwkRoute.o
 .debug_line    0x0000256c      0x4a8 stack/nwk/src/nwkRx.o
 .debug_line    0x00002a14      0x4ca stack/nwk/src/nwkTx.o
 .debug_line    0x00002ede      0x3d2 stack/phy/atmega256rfr2/src/phy.o
 .debug_line    0x000032b0      0x108 stack/sys/src/sys.o
 .debug_line    0x000033b8      0x2ba stack/sys/src/sysTimer.o
 .debug_line    0x00003672      0x460 TermostaticValve.o
 .debug_line    0x00003ad2      0x2c6 twimaster.o

.debug_frame    0x00000000     0x1000
 *(.debug_frame)
 .debug_frame   0x00000000       0x74 ADC.o
 .debug_frame   0x00000074      0x19c bmp085.o
 .debug_frame   0x00000210      0x16c main.o
 .debug_frame   0x0000037c      0x1dc packet_parser.o
 .debug_frame   0x00000558       0x34 stack/hal/atmega256rfr2/src/hal.o
 .debug_frame   0x0000058c       0x54 stack/hal/atmega256rfr2/src/halTimer.o
 .debug_frame   0x000005e0       0x50 stack/hal/drivers/atmega256rfr2/src/halSleep.o
 .debug_frame   0x00000630      0x100 stack/hal/drivers/atmega256rfr2/src/halUart.o
 .debug_frame   0x00000730       0xd4 stack/nwk/src/nwk.o
 .debug_frame   0x00000804       0x68 stack/nwk/src/nwkDataReq.o
 .debug_frame   0x0000086c       0x64 stack/nwk/src/nwkFrame.o
 .debug_frame   0x000008d0      0x180 stack/nwk/src/nwkRoute.o
 .debug_frame   0x00000a50       0xe0 stack/nwk/src/nwkRx.o
 .debug_frame   0x00000b30      0x144 stack/nwk/src/nwkTx.o
 .debug_frame   0x00000c74      0x13c stack/phy/atmega256rfr2/src/phy.o
 .debug_frame   0x00000db0       0x34 stack/sys/src/sys.o
 .debug_frame   0x00000de4       0xc0 stack/sys/src/sysTimer.o
 .debug_frame   0x00000ea4       0xbc TermostaticValve.o
 .debug_frame   0x00000f60       0xa0 twimaster.o

.debug_str      0x00000000     0x26a2
 *(.debug_str)
 .debug_str     0x00000000      0x7f7 c:/program files (x86)/atmel/studio/7.0/toolchain/avr8/avr8-gnu-toolchain/bin/../lib/gcc/avr/4.9.2/../../../../avr/lib/avr6/crtatmega256rfr2.o
 .debug_str     0x000007f7      0x18f ADC.o
                                0x1c3 (size before relaxing)
 .debug_str     0x00000986      0x286 bmp085.o
                                0x3cb (size before relaxing)
 .debug_str     0x00000c0c      0x565 main.o
                                0x84e (size before relaxing)
 .debug_str     0x00001171      0x2cb packet_parser.o
                                0x5b3 (size before relaxing)
 .debug_str     0x0000143c       0x5b stack/hal/atmega256rfr2/src/hal.o
                                0x1c7 (size before relaxing)
 .debug_str     0x00001497       0x47 stack/hal/atmega256rfr2/src/halTimer.o
                                0x1c1 (size before relaxing)
 .debug_str     0x000014de       0x97 stack/hal/drivers/atmega256rfr2/src/halSleep.o
                                0x20c (size before relaxing)
 .debug_str     0x00001575       0x9b stack/hal/drivers/atmega256rfr2/src/halUart.o
                                0x2a8 (size before relaxing)
 .debug_str     0x00001610      0x14e stack/nwk/src/nwk.o
                                0x34e (size before relaxing)
 .debug_str     0x0000175e      0x1f2 stack/nwk/src/nwkDataReq.o
                                0x57d (size before relaxing)
 .debug_str     0x00001950       0x61 stack/nwk/src/nwkFrame.o
                                0x41c (size before relaxing)
 .debug_str     0x000019b1      0x1fa stack/nwk/src/nwkRoute.o
                                0x626 (size before relaxing)
 .debug_str     0x00001bab      0x2bb stack/nwk/src/nwkRx.o
                                0x75f (size before relaxing)
 .debug_str     0x00001e66      0x1c7 stack/nwk/src/nwkTx.o
                                0x6ef (size before relaxing)
 .debug_str     0x0000202d      0x518 stack/phy/atmega256rfr2/src/phy.o
                                0x78e (size before relaxing)
 .debug_str     0x00002545       0x3a stack/sys/src/sys.o
                                0x1e9 (size before relaxing)
 .debug_str     0x0000257f       0x47 stack/sys/src/sysTimer.o
                                0x27e (size before relaxing)
 .debug_str     0x000025c6       0xbc TermostaticValve.o
                                0x2a5 (size before relaxing)
 .debug_str     0x00002682       0x20 twimaster.o
                                0x1d2 (size before relaxing)

.debug_loc      0x00000000     0x4744
 *(.debug_loc)
 .debug_loc     0x00000000      0x174 ADC.o
 .debug_loc     0x00000174      0xbe4 bmp085.o
 .debug_loc     0x00000d58      0x56f main.o
 .debug_loc     0x000012c7      0xc2c packet_parser.o
 .debug_loc     0x00001ef3       0x21 stack/hal/atmega256rfr2/src/hal.o
 .debug_loc     0x00001f14       0x62 stack/hal/atmega256rfr2/src/halTimer.o
 .debug_loc     0x00001f76      0x179 stack/hal/drivers/atmega256rfr2/src/halSleep.o
 .debug_loc     0x000020ef      0x293 stack/hal/drivers/atmega256rfr2/src/halUart.o
 .debug_loc     0x00002382      0x14d stack/nwk/src/nwk.o
 .debug_loc     0x000024cf      0x137 stack/nwk/src/nwkDataReq.o
 .debug_loc     0x00002606       0xe2 stack/nwk/src/nwkFrame.o
 .debug_loc     0x000026e8      0x8aa stack/nwk/src/nwkRoute.o
 .debug_loc     0x00002f92      0x596 stack/nwk/src/nwkRx.o
 .debug_loc     0x00003528      0x671 stack/nwk/src/nwkTx.o
 .debug_loc     0x00003b99      0x33a stack/phy/atmega256rfr2/src/phy.o
 .debug_loc     0x00003ed3      0x42e stack/sys/src/sysTimer.o
 .debug_loc     0x00004301      0x316 TermostaticValve.o
 .debug_loc     0x00004617      0x12d twimaster.o

.debug_macinfo
 *(.debug_macinfo)

.debug_weaknames
 *(.debug_weaknames)

.debug_funcnames
 *(.debug_funcnames)

.debug_typenames
 *(.debug_typenames)

.debug_varnames
 *(.debug_varnames)

.debug_pubtypes
 *(.debug_pubtypes)

.debug_ranges   0x00000000      0x600
 *(.debug_ranges)
 .debug_ranges  0x00000000       0x38 ADC.o
 .debug_ranges  0x00000038       0x58 bmp085.o
 .debug_ranges  0x00000090       0xa8 main.o
 .debug_ranges  0x00000138       0x70 packet_parser.o
 .debug_ranges  0x000001a8       0x18 stack/hal/atmega256rfr2/src/hal.o
 .debug_ranges  0x000001c0       0x20 stack/hal/atmega256rfr2/src/halTimer.o
 .debug_ranges  0x000001e0       0x30 stack/hal/drivers/atmega256rfr2/src/halSleep.o
 .debug_ranges  0x00000210       0x40 stack/hal/drivers/atmega256rfr2/src/halUart.o
 .debug_ranges  0x00000250       0x60 stack/nwk/src/nwk.o
 .debug_ranges  0x000002b0       0x28 stack/nwk/src/nwkDataReq.o
 .debug_ranges  0x000002d8       0x30 stack/nwk/src/nwkFrame.o
 .debug_ranges  0x00000308       0x88 stack/nwk/src/nwkRoute.o
 .debug_ranges  0x00000390       0x88 stack/nwk/src/nwkRx.o
 .debug_ranges  0x00000418       0x68 stack/nwk/src/nwkTx.o
 .debug_ranges  0x00000480       0x78 stack/phy/atmega256rfr2/src/phy.o
 .debug_ranges  0x000004f8       0x18 stack/sys/src/sys.o
 .debug_ranges  0x00000510       0x70 stack/sys/src/sysTimer.o
 .debug_ranges  0x00000580       0x38 TermostaticValve.o
 .debug_ranges  0x000005b8       0x48 twimaster.o

.debug_macro
 *(.debug_macro)
OUTPUT(LWM_MSSY.elf elf32-avr)
LOAD linker stubs
